✔ real SDK: early dedicated session path, actual flush, restore and missing-file refusal (283.290583ms)
✔ stable queued completion and cancellable Fleet waiters launch no cancelled child (91.50775ms)
✔ cancel/resume single flight drains close, retains partial usage and fences old callbacks (144.35ms)
✔ nonpersistent execution closes once before Fleet release; shutdown awaits stable close (62.294791ms)
✔ soft maxTurns is explicitly partial and runtime full artifact is never overwritten (68.631917ms)
✔ restoration quarantines legacy external references without reading or losing valid records; trust is current (131.377417ms)
✔ send_subagent disabled, queued/early-ready delivery, replay, stale generation, terminal continuation and cancel lock (210.271125ms)
✔ send waits for settling close, caps pending directions, then rechecks cancellation without launching (78.45575ms)
✔ failed continuation clears prior successful body; nonpersistent/worktree contact has actionable refusal (109.786ms)
✔ record cap rejects new spawn without silently deleting recovery evidence (6.761042ms)
✔ Direct admission storage failure cannot start an unacknowledged child (6.647875ms)
✔ final checkpoint/callback failures settle and failed usage claims remain reclaimable (63.994125ms)
✔ 32KiB contact payload works while running and continuation receipts stay within 128 (259.394542ms)
✔ a rejected continuation does not poison its message deduplication receipt (137.275709ms)
✔ a new cancellation while user-authorized resume is draining requires fresh authorization (84.691125ms)
✔ review Direct real SDK admission post-rename failure is compensated on disk (34.80025ms)
✔ review Direct real SDK final post-rename failure is compensated on disk (87.4665ms)
✔ review Direct real SDK claim post-rename failure is compensated on disk (103.884041ms)
✔ Host send/broadcast share stored callbacks, display labels cannot impersonate child identity, trust refresh keeps one live Manager (209.562666ms)
✔ background Mesh notifications deduplicate epochs, paused is not completed and foreground does not notify twice (384.940875ms)
✔ review Host single delivery reports post-rename warning and only genuine no-UI command unlocks recovered user stop (164.1165ms)
✔ second review Host 32KiB broadcast preserves every mixed receipt (81.796458ms)
✔ second review Host 32KiB broadcast preserves every mixed receipt with over-budget warnings (76.0615ms)
✔ second review child 32KiB broadcast preserves every mixed receipt (54.431417ms)
✔ second review child 32KiB broadcast preserves every mixed receipt with over-budget warnings (52.14825ms)
✔ pause-drain-resume waits for finally/close and concurrent resumes coalesce (226.681833ms)
✔ drained pause cancel is immediately terminal; recover converges cancelling with zero interrupted nodes (57.679041ms)
✔ node cancel immediately removes a Fleet waiter and launches no child (97.367291ms)
✔ cancel retains shared quota and lease through a gated close (168.303958ms)
✔ paused shutdown drains and captures the unique worktree before marking node paused (385.961958ms)
✔ real Git index.lock prevents succeeded attempt and launches zero downstream children (572.892625ms)
✔ auto inherits own commit and delivers full multi-attempt patch/range (no new retry changes) (600.339917ms)
✔ retry_failed inherits own commit and delivers full multi-attempt patch/range (no new retry changes) (653.891666ms)
✔ recover inherits own commit and delivers full multi-attempt patch/range (no new retry changes) (651.406417ms)
✔ two Managers fence stale cancel/grow/reacquire; recover never replaces a local live object (145.469792ms)
✔ lease loss aborts/drains the old execution without writing new owner checkpoint or artifacts (70.834666ms)
✔ output write failure cannot publish success or delete the only worktree (368.642667ms)
✔ attempt write failure cannot publish success or delete the only worktree (341.037791ms)
✔ checkpoint write failure cannot publish success or delete the only worktree (353.309334ms)
✔ admission checkpoint failure releases lease and never starts runtime (5.71675ms)
✔ pure worktree removal failure is only a warning after valid handoff (402.32675ms)
✔ stale pending growth may be denied; final decision never clears a manual pause (56.864208ms)
✔ paused draining attempt may status/inbox/ack old mail, but not send/grow; stale attempts always fenced (125.3615ms)
✔ mixed-quota broadcast returns honest per-recipient stored/error receipts; notification failure cannot undo storage (56.605125ms)
✔ mailbox notifications default-off: coalesced bounded active hints never resurrect cancelled nodes (118.307959ms)
✔ mailbox notifications opt-in: coalesced bounded active hints never resurrect cancelled nodes (125.01225ms)
✔ retry usage is accumulated and claimed exactly once with rollback after claim persistence failure (221.25625ms)
✔ untrusted Host rejects automatic worktree/setupHook before Git or child side effects (1.183833ms)
✔ trusted automatic Git helpers disable implicit fsmonitor/post-commit/external diff/textconv hooks (371.479ms)
✔ pause drains Fleet waiters without starting a child or waiting for unrelated quota (120.476375ms)
✔ notification callbacks fence a stale execution attempt even before its delayed completion (97.821125ms)
✔ persistent final checkpoint fault rejects completion, drains maps and retains worktree evidence (331.512667ms)
✔ execution close rejection is failed evidence, not an unhandled cleanup promise or leaked quota (113.443334ms)
✔ retry commit range includes both failed-attempt and final-attempt files (747.749958ms)
✔ writer fanin remains explicit and tampered saved branch cannot become a retry base (1483.1625ms)
✔ explicit setup hook failure preserves its changes and starts no child (1423.948083ms)
✔ large binary handoff bypasses spawnSync stdout buffer without truncating the patch (500.723125ms)
✔ post-rename admission failure removes the unconfirmed checkpoint and releases its lease (17.018458ms)
✔ review real post-rename final fault compensates owned checkpoint (396.900459ms)
✔ review real post-rename claim fault compensates owned checkpoint (433.174208ms)
✔ review cancel retry waits for terminal-visible gated close and singleflights (231.542334ms)
✔ review failfast retry waits for terminal-visible gated close and singleflights (363.0265ms)
✔ review unknown stop cannot be reopened by ordinary retry, including recovery (69.723458ms)
✔ review user stop cannot be reopened by ordinary retry, including recovery (62.878708ms)
✔ review unconfirmed succeeded receipt recovers actual usage once independently of delivery (212.047792ms)
✔ review unconfirmed queued receipt recovers actual usage once independently of delivery (202.61175ms)
✔ review unconfirmed paused receipt recovers actual usage once independently of delivery (251.896458ms)
✔ review malformed checkpoint isolation keeps evidence and visible diagnostics (34.139875ms)
✔ review post-rename broadcast receipt separates stored-visible durability and notification warnings (59.10025ms)
✔ review fresh user cancellation wins over retry drain authorization (148.620625ms)
✔ review fresh signal cancellation wins over retry drain authorization (158.341125ms)
✔ review user-stopped node does not prevent unrelated failed node's legal retry (342.366834ms)
✔ review old cancelled checkpoint with unknown provenance stays locked (193.014291ms)
✔ review invalid status checkpoint is diagnosed without executing or replacing safe reference (48.691583ms)
✔ review invalid dependency checkpoint is diagnosed without executing or replacing safe reference (46.760958ms)
✔ review invalid usage checkpoint is diagnosed without executing or replacing safe reference (39.682958ms)
✔ review invalid attempt checkpoint is diagnosed without executing or replacing safe reference (35.6035ms)
✔ review invalid cycle checkpoint is diagnosed without executing or replacing safe reference (35.595792ms)
✔ review invalid oversize checkpoint is diagnosed without executing or replacing safe reference (84.239958ms)
✔ review post-rename ownership loss never compensates over a foreign payload (431.903333ms)
✔ review actual Fleet stop callback persists user provenance and cannot restart a paused queued child (85.400667ms)
✔ review user cancellation revokes ordinary failfast retry while old failed epoch is terminal-visible and close-gated (275.4965ms)
✔ second review joining retry signal aborts after join revokes shared authorization (155.765167ms)
✔ second review joining retry signal already aborted revokes shared authorization (164.592583ms)
✔ second review ordered recover reaction preserves canonical pending retry (292.677625ms)
✔ second review ordered recover reaction preserves canonical pending resume (256.164666ms)
✔ second review serialized "\\" growth refuses before topology commit and children (265.258667ms)
✔ second review serialized "\u0000" growth refuses before topology commit and children (195.087917ms)
✔ second review serialized create budget rejects control expansion without admission (18.875958ms)
✔ second review runtime evidence persists recoverably with complete external evidence and oversized neighbor isolation (186.077417ms)
✔ second review retry join cannot promote ordinary authority and removes non-aborted caller listeners (53.495125ms)
✔ second review growing history archives complete immutable chains while full Git handoffs stay intact (872.061667ms)
✔ second review 128 admitted small tasks and repeated runtime growth keep every real checkpoint recoverable (2318.102916ms)
✔ continuation fixes task budgets, excludes scope/policy/recursive overrides and snapshots text (0.819417ms)
✔ continuation only admits original fully successful epoch with no run/node stop or retry (0.128583ms)
✔ missing/old Cross fails closed; async bus response cannot authorize (0.19825ms)
✔ grouped notifier authorizes only at flush using exact live SDK details, with no serialized token (0.2215ms)
✔ completion notifier deduplicates and groups results (303.692583ms)
✔ completion notifier accepts mesh completion messages and wakes an idle Host (1.444875ms)
✔ deduplicates within/across batches by generation and suppresses only foreground (0.353083ms)
ℹ tests 100
ℹ suites 0
ℹ pass 100
ℹ fail 0
ℹ cancelled 0
ℹ skipped 0
ℹ todo 0
ℹ duration_ms 28024.799333
