TAP version 13
# Subtest: Mesh completion: private details identity grants only the fixed run once; no broad action authority
ok 1 - Mesh completion: private details identity grants only the fixed run once; no broad action authority
  ---
  duration_ms: 206.839875
  type: 'test'
  ...
# Subtest: Mesh continuation rejects clone
ok 2 - Mesh continuation rejects clone
  ---
  duration_ms: 20.985625
  type: 'test'
  ...
# Subtest: Mesh continuation rejects fake-customType
ok 3 - Mesh continuation rejects fake-customType
  ---
  duration_ms: 19.347417
  type: 'test'
  ...
# Subtest: Mesh continuation rejects cancel-before
ok 4 - Mesh continuation rejects cancel-before
  ---
  duration_ms: 30.459958
  type: 'test'
  ...
# Subtest: Mesh continuation rejects cancel-after
ok 5 - Mesh continuation rejects cancel-after
  ---
  duration_ms: 16.711917
  type: 'test'
  ...
# Subtest: Mesh continuation rejects new-user
ok 6 - Mesh continuation rejects new-user
  ---
  duration_ms: 30.856667
  type: 'test'
  ...
# Subtest: Mesh continuation rejects extension-input
ok 7 - Mesh continuation rejects extension-input
  ---
  duration_ms: 27.551042
  type: 'test'
  ...
# Subtest: Mesh continuation rejects expired
ok 8 - Mesh continuation rejects expired
  ---
  duration_ms: 15.580708
  type: 'test'
  ...
# Subtest: Mesh continuation rejects session-start
ok 9 - Mesh continuation rejects session-start
  ---
  duration_ms: 17.406041
  type: 'test'
  ...
# Subtest: Mesh continuation rejects session-shutdown
ok 10 - Mesh continuation rejects session-shutdown
  ---
  duration_ms: 15.905333
  type: 'test'
  ...
# Subtest: Mesh continuation rejects different-session
ok 11 - Mesh continuation rejects different-session
  ---
  duration_ms: 17.071125
  type: 'test'
  ...
# Subtest: Mesh continuation rejects different-cwd
ok 12 - Mesh continuation rejects different-cwd
  ---
  duration_ms: 15.682834
  type: 'test'
  ...
# Subtest: Peer text cannot issue or borrow a completion capability, even with identical notification metadata
ok 13 - Peer text cannot issue or borrow a completion capability, even with identical notification metadata
  ---
  duration_ms: 41.567541
  type: 'test'
  ...
# Subtest: Unknown source cannot bootstrap; late bus replay and per-user plan budget are bounded
ok 14 - Unknown source cannot bootstrap; late bus replay and per-user plan budget are bounded
  ---
  duration_ms: 26.632792
  type: 'test'
  ...
# Subtest: Grouped completions keep distinct run grants; unrelated custom message drops current grants
ok 15 - Grouped completions keep distinct run grants; unrelated custom message drops current grants
  ---
  duration_ms: 40.532792
  type: 'test'
  ...
# Subtest: Gate reservation is not executable after settled/cancelled/expired; failed tool cannot refund it
ok 16 - Gate reservation is not executable after settled/cancelled/expired; failed tool cannot refund it
  ---
  duration_ms: 60.883958
  type: 'test'
  ...
# Subtest: Historical abort keeps peer inbox stopped, but a new user plan survives normal settled and continues
ok 17 - Historical abort keeps peer inbox stopped, but a new user plan survives normal settled and continues
  ---
  duration_ms: 65.651542
  type: 'test'
  ...
# Subtest: Independent completion deliveries accumulate only within trusted batch: none
ok 18 - Independent completion deliveries accumulate only within trusted batch: none
  ---
  duration_ms: 23.901875
  type: 'test'
  ...
# Subtest: Independent completion deliveries accumulate only within trusted batch: untrusted
ok 19 - Independent completion deliveries accumulate only within trusted batch: untrusted
  ---
  duration_ms: 17.533
  type: 'test'
  ...
# Subtest: Independent completion deliveries accumulate only within trusted batch: cancel
ok 20 - Independent completion deliveries accumulate only within trusted batch: cancel
  ---
  duration_ms: 14.712292
  type: 'test'
  ...
# Subtest: Independent completion deliveries accumulate only within trusted batch: new-user
ok 21 - Independent completion deliveries accumulate only within trusted batch: new-user
  ---
  duration_ms: 16.900667
  type: 'test'
  ...
1..21
# tests 21
# suites 0
# pass 21
# fail 0
# cancelled 0
# skipped 0
# todo 0
# duration_ms 1423.652541
